text(bad) [control]                    ERR(build) E_UTF8 text is not valid UTF-8
none().set(bad) [control]              ERR(build) E_UTF8 key is not valid UTF-8
record([bad],[1])                      ERR E_UTF8 invalid start byte 0xff at byte 1
record([bad,bad],[1,2]) dup path       ERR(build) E_UTF8 key is not valid UTF-8
record([bad]) → INDEXES              ERR E_UTF8 invalid start byte 0xff at byte 1
record([bad]) → COUNT                built; dump OK t"1"
record([bad]) → X["x"]=1,SIZE        built; dump OK -{"1"=t"1"}
shaped(RecordShape{bad})               ERR E_UTF8 invalid start byte 0xff at byte 1
shaped duplicate keys                  built; dump OK -{"a"=t"1", "a"=t"2"}
record count mismatch                  ERR(build) std SEL record needs one value per key
record duplicate keys                  built; dump OK -{"a"=t"2"}
bin(any bytes) [n/a]                   built; dump OK b00ff
num(Dec scale 1000001)                 built; dump OK t"0.000000000000000000000000000000000000000000000000000000000000000000
num(Dec 1000001 int digits)            built; dump OK t"11111111111111111111111111111111111111111111111111111111111111111111
num(Dec neg zero)                      built; dump OK t"-0"
num(Dec "007")                         built; dump OK t"007"
num(Dec "x")                           built; dump OK t"x"
num(Dec scale -1)                      ERR std basic_string::_M_create
num(Dec{} default)                     built; dump OK t"0"
num(Dec small mantissa scale 1000001)  built; dump OK t"0.000000000000000000000000000000000000000000000000000000000000000000
num("1"x1000001) [control]             ERR(build) E_RANGE number has more than 1000000 integer digits
integer(LLONG_MAX) [n/a]               built; dump OK t"9223372036854775807"
