text(bad) [control]                  ERR E_UTF8 invalid start byte 0xff at byte 1
fromNative([bad=>1]) [control]       ERR E_UTF8 invalid start byte 0xff at byte 1
none()->set(bad) [control]           ERR E_UTF8 invalid start byte 0xff at byte 1
shaped([bad],[1])                    OK -{"aÿ"=t"1"}
record([bad],[1])                    OK -{"aÿ"=t"1"}
fromEntries([[bad,1]])               OK -{"aÿ"=t"1"}
list([1],[bad]) keys                 OK -{"aÿ"=t"1"}
fromNativeRows([[bad=>1]])           OK -{"1"=-{"aÿ"=t"1"}}
fromNativeRows([[bad=>1]]) â†’ INDEXES ERR E_UTF8 invalid start byte 0xff at byte 1
fromNativeRows([[a=>1],[bad=>1]])    ERR E_UTF8 invalid start byte 0xff at byte 1
fromNativeRows([[a=>bad]]) value     ERR E_UTF8 invalid start byte 0xff at byte 1
shaped count mismatch                ERR InvalidArgumentException record shape and storage sizes differ
shaped duplicate keys                OK -{"a"=t"1", "a"=t"2"}
record duplicate keys                OK -{"a"=t"2"}
list keys count mismatch             OK -{"1"=t"1"}
list duplicate keys                  OK -{"5"=t"1", "5"=t"2"}
list non-numeric keys                OK -{"x"=t"1"}
num(Dec scale 1000001)               OK t"0.0000000000000000000000000000000000000000000000000000000000000000000000000000
num(Dec digits 1000001 int)          OK t"111111111111111111111111111111111111111111111111111111111111111111111111111111
num(Dec malformed digits "x")        OK t"x"
num(Dec negative scale)              OK t"1."
num(Dec leading zeros "007")         OK t"007"
num(Dec neg zero)                    OK t"-0"
num("1"x1000001)                     ERR E_RANGE number has more than 1000000 integer digits
fromNative(float 1e308)              ERR InvalidArgumentException floats have no exact decimal form; pass a numeric string instead
fromNative(PHP_INT_MAX)              OK t"9223372036854775807"
bin(any string)                      OK b00ff
