to-native alist [initial]              OK (("foo" . "x"))
value after mutating key               OK -{"boo"=t"x"}
same program re-run                    OK -{"boo"=t"x"}
fresh RECORD("foo",..)["foo"]          OK t"x"
fresh RECORD("foo",..)["boo"]          ERR E_NO_KEY
children path: after mutating key      OK -{"zk"=t"1"}
value-set: mutate caller key after     OK -{"zb"=t"1"}
from-native: mutate key after [ctl]    OK -{"ab"=t"1"}
make-text copy [ctl]                   OK t"ab"
to-native text copy [ctl]              OK t"ab"
make-list-value: mutate caller vec     OK -{"1"=t"X"}
make-list-value: mutate caller list    OK -{"1"=t"1"}
make-num dec scale 1000001             OK t"0.0000000000000000000000000000000000000000000000000000000000000000000000000000
make-num dec 10^1000001 int            OK t"100000000000000000000000000000000000000000000000000000000000000000000000000000
make-num dec neg digits                OK t"-5"
make-num dec neg zero (raw)            OK t"-0"
make-num dec negative scale            ERR CL BOUNDING-INDICES-BAD-ERROR The bounding indices 2 and 1 are bad for a sequence of lengt
make-num string 1e6+1 [ctl]            ERR E_RANGE
make-int 10^1000000 [ctl]              ERR E_RANGE
from-native 10^1000000 [ctl]           ERR E_RANGE
run ctx X=10^1000000                   ERR E_RANGE
make-text lone [ctl]                   ERR E_UTF8
from-native lone key [ctl]             ERR E_UTF8
value-set lone key [ctl]               ERR E_UTF8
make-bin (t)                           ERR E_RANGE
make-bin (1.0)                         ERR E_RANGE
