== p01-reported
  js    E_NO_KEY at line 1 column 181: no key "id" 
  php   E_NO_KEY at line 1 column 181: no key "id" 
  py    E_NO_KEY at line 1 column 181: no key "id" 
  cpp   E_NO_KEY at line 1 column 181: no key "id" 
  lisp  E_NO_KEY at line 1 column 181: no key "id" 
== p02-left-only-field
  js    -{"1"=-{"id"=t"1", "rv"=t"1"}, "2"=-{"id"=t"2", "rv"=t"2"}, "3"=-{"id"=t"1", "sv"=t"1"}, "4"=-{"tid"=t"1", "tv"=t"7"}, "5"=-{"v"=t"7"}} 
  php   -{"1"=-{"id"=t"1", "rv"=t"1"}, "2"=-{"id"=t"2", "rv"=t"2"}, "3"=-{"id"=t"1", "sv"=t"1"}, "4"=-{"tid"=t"1", "tv"=t"7"}, "5"=-{"v"=t"7"}} 
  py    -{"1"=-{"id"=t"1", "rv"=t"1"}, "2"=-{"id"=t"2", "rv"=t"2"}, "3"=-{"id"=t"1", "sv"=t"1"}, "4"=-{"tid"=t"1", "tv"=t"7"}, "5"=-{"v"=t"7"}} 
  cpp   -{"1"=-{"id"=t"1", "rv"=t"1"}, "2"=-{"id"=t"2", "rv"=t"2"}, "3"=-{"id"=t"1", "sv"=t"1"}, "4"=-{"tid"=t"1", "tv"=t"7"}, "5"=-{"v"=t"7"}} 
  lisp  -{"1"=-{"id"=t"1", "rv"=t"1"}, "2"=-{"id"=t"2", "rv"=t"2"}, "3"=-{"id"=t"1", "sv"=t"1"}, "4"=-{"tid"=t"1", "tv"=t"7"}, "5"=-{"v"=t"7"}} 
== p03-right-only-field
  js    -{"1"=-{"id"=t"1", "rv"=t"1"}, "2"=-{"id"=t"2", "rv"=t"2"}, "3"=-{"id"=t"1", "sv"=t"1"}, "4"=-{"tid"=t"1", "tv"=t"7"}, "5"=-{"v"=t"7"}} 
  php   -{"1"=-{"id"=t"1", "rv"=t"1"}, "2"=-{"id"=t"2", "rv"=t"2"}, "3"=-{"id"=t"1", "sv"=t"1"}, "4"=-{"tid"=t"1", "tv"=t"7"}, "5"=-{"v"=t"7"}} 
  py    -{"1"=-{"id"=t"1", "rv"=t"1"}, "2"=-{"id"=t"2", "rv"=t"2"}, "3"=-{"id"=t"1", "sv"=t"1"}, "4"=-{"tid"=t"1", "tv"=t"7"}, "5"=-{"v"=t"7"}} 
  cpp   -{"1"=-{"id"=t"1", "rv"=t"1"}, "2"=-{"id"=t"2", "rv"=t"2"}, "3"=-{"id"=t"1", "sv"=t"1"}, "4"=-{"tid"=t"1", "tv"=t"7"}, "5"=-{"v"=t"7"}} 
  lisp  -{"1"=-{"id"=t"1", "rv"=t"1"}, "2"=-{"id"=t"2", "rv"=t"2"}, "3"=-{"id"=t"1", "sv"=t"1"}, "4"=-{"tid"=t"1", "tv"=t"7"}, "5"=-{"v"=t"7"}} 
== p04-nested-left
  js    -{"1"=-{"id"=t"1", "rv"=t"1"}, "2"=-{"id"=t"2", "rv"=t"2"}, "3"=-{"id"=t"1", "sv"=t"1"}, "4"=-{"tid"=t"1", "tv"=t"7"}, "5"=-{"v"=t"7"}} 
  php   -{"1"=-{"id"=t"1", "rv"=t"1"}, "2"=-{"id"=t"2", "rv"=t"2"}, "3"=-{"id"=t"1", "sv"=t"1"}, "4"=-{"tid"=t"1", "tv"=t"7"}, "5"=-{"v"=t"7"}} 
  py    -{"1"=-{"id"=t"1", "rv"=t"1"}, "2"=-{"id"=t"2", "rv"=t"2"}, "3"=-{"id"=t"1", "sv"=t"1"}, "4"=-{"tid"=t"1", "tv"=t"7"}, "5"=-{"v"=t"7"}} 
  cpp   -{"1"=-{"id"=t"1", "rv"=t"1"}, "2"=-{"id"=t"2", "rv"=t"2"}, "3"=-{"id"=t"1", "sv"=t"1"}, "4"=-{"tid"=t"1", "tv"=t"7"}, "5"=-{"v"=t"7"}} 
  lisp  -{"1"=-{"id"=t"1", "rv"=t"1"}, "2"=-{"id"=t"2", "rv"=t"2"}, "3"=-{"id"=t"1", "sv"=t"1"}, "4"=-{"tid"=t"1", "tv"=t"7"}, "5"=-{"v"=t"7"}} 
== p05-nested-right
  js    -{"1"=-{"id"=t"1", "rv"=t"1"}, "2"=-{"id"=t"2", "rv"=t"2"}, "3"=-{"id"=t"1", "sv"=t"1"}, "4"=-{"tid"=t"1", "tv"=t"7"}, "5"=-{"v"=t"7"}} 
  php   -{"1"=-{"id"=t"1", "rv"=t"1"}, "2"=-{"id"=t"2", "rv"=t"2"}, "3"=-{"id"=t"1", "sv"=t"1"}, "4"=-{"tid"=t"1", "tv"=t"7"}, "5"=-{"v"=t"7"}} 
  py    -{"1"=-{"id"=t"1", "rv"=t"1"}, "2"=-{"id"=t"2", "rv"=t"2"}, "3"=-{"id"=t"1", "sv"=t"1"}, "4"=-{"tid"=t"1", "tv"=t"7"}, "5"=-{"v"=t"7"}} 
  cpp   -{"1"=-{"id"=t"1", "rv"=t"1"}, "2"=-{"id"=t"2", "rv"=t"2"}, "3"=-{"id"=t"1", "sv"=t"1"}, "4"=-{"tid"=t"1", "tv"=t"7"}, "5"=-{"v"=t"7"}} 
  lisp  -{"1"=-{"id"=t"1", "rv"=t"1"}, "2"=-{"id"=t"2", "rv"=t"2"}, "3"=-{"id"=t"1", "sv"=t"1"}, "4"=-{"tid"=t"1", "tv"=t"7"}, "5"=-{"v"=t"7"}} 
== p06-source-name-binder
  js    E_NO_KEY at line 1 column 181: no key "id" 
  php   E_NO_KEY at line 1 column 181: no key "id" 
  py    E_NO_KEY at line 1 column 181: no key "id" 
  cpp   E_NO_KEY at line 1 column 181: no key "id" 
  lisp  E_NO_KEY at line 1 column 181: no key "id" 
== p07-stale-first-binder
  js    E_UNDEF_VAR at line 1 column 180: undefined variable X 
  php   E_UNDEF_VAR at line 1 column 180: undefined variable X 
  py    E_UNDEF_VAR at line 1 column 180: undefined variable X 
  cpp   E_UNDEF_VAR at line 1 column 180: undefined variable X 
  lisp  E_UNDEF_VAR at line 1 column 180: undefined variable X 
== p08-underscore1
  js    E_NO_KEY at line 1 column 176: no key "id" 
  php   E_NO_KEY at line 1 column 176: no key "id" 
  py    E_NO_KEY at line 1 column 176: no key "id" 
  cpp   E_NO_KEY at line 1 column 176: no key "id" 
  lisp  E_NO_KEY at line 1 column 176: no key "id" 
== p09-left-join-chain
  js    E_NO_KEY at line 1 column 186: no key "id" 
  php   E_NO_KEY at line 1 column 186: no key "id" 
  py    E_NO_KEY at line 1 column 186: no key "id" 
  cpp   E_NO_KEY at line 1 column 186: no key "id" 
  lisp  E_NO_KEY at line 1 column 186: no key "id" 
== p10-second-left-join
  js    E_NO_KEY at line 1 column 186: no key "id" 
  php   E_NO_KEY at line 1 column 186: no key "id" 
  py    E_NO_KEY at line 1 column 186: no key "id" 
  cpp   E_NO_KEY at line 1 column 186: no key "id" 
  lisp  E_NO_KEY at line 1 column 186: no key "id" 
== p11-map-ambiguous-after-chain
  js    E_NO_KEY at line 1 column 221: no key "id" 
  php   E_NO_KEY at line 1 column 221: no key "id" 
  py    E_NO_KEY at line 1 column 221: no key "id" 
  cpp   E_NO_KEY at line 1 column 221: no key "id" 
  lisp  E_NO_KEY at line 1 column 221: no key "id" 
== p12-map-nested-after-chain
  js    -{"1"=-{"id"=t"1", "rv"=t"1"}, "2"=-{"id"=t"2", "rv"=t"2"}, "3"=-{"id"=t"1", "sv"=t"1"}, "4"=-{"tid"=t"1", "tv"=t"7"}, "5"=-{"v"=t"1"}} 
  php   -{"1"=-{"id"=t"1", "rv"=t"1"}, "2"=-{"id"=t"2", "rv"=t"2"}, "3"=-{"id"=t"1", "sv"=t"1"}, "4"=-{"tid"=t"1", "tv"=t"7"}, "5"=-{"v"=t"1"}} 
  py    -{"1"=-{"id"=t"1", "rv"=t"1"}, "2"=-{"id"=t"2", "rv"=t"2"}, "3"=-{"id"=t"1", "sv"=t"1"}, "4"=-{"tid"=t"1", "tv"=t"7"}, "5"=-{"v"=t"1"}} 
  cpp   -{"1"=-{"id"=t"1", "rv"=t"1"}, "2"=-{"id"=t"2", "rv"=t"2"}, "3"=-{"id"=t"1", "sv"=t"1"}, "4"=-{"tid"=t"1", "tv"=t"7"}, "5"=-{"v"=t"1"}} 
  lisp  -{"1"=-{"id"=t"1", "rv"=t"1"}, "2"=-{"id"=t"2", "rv"=t"2"}, "3"=-{"id"=t"1", "sv"=t"1"}, "4"=-{"tid"=t"1", "tv"=t"7"}, "5"=-{"v"=t"1"}} 
== p13-filter-after-chain
  js    E_NO_KEY at line 1 column 212: no key "id" 
  php   E_NO_KEY at line 1 column 212: no key "id" 
  py    E_NO_KEY at line 1 column 212: no key "id" 
  cpp   E_NO_KEY at line 1 column 212: no key "id" 
  lisp  E_NO_KEY at line 1 column 212: no key "id" 
== p14-right-binder-reused-name
  js    E_NO_KEY at line 1 column 181: no key "id" 
  php   E_NO_KEY at line 1 column 181: no key "id" 
  py    E_NO_KEY at line 1 column 181: no key "id" 
  cpp   E_NO_KEY at line 1 column 181: no key "id" 
  lisp  E_NO_KEY at line 1 column 181: no key "id" 
== p15-left-binder-reused-name
  js    E_NO_KEY at line 1 column 181: no key "id" 
  php   E_NO_KEY at line 1 column 181: no key "id" 
  py    E_NO_KEY at line 1 column 181: no key "id" 
  cpp   E_NO_KEY at line 1 column 181: no key "id" 
  lisp  E_NO_KEY at line 1 column 181: no key "id" 
== p16-single-join-control
  js    -{"1"=-{"id"=t"1", "rv"=t"1"}, "2"=-{"id"=t"2", "rv"=t"2"}, "3"=-{"id"=t"1", "sv"=t"1"}, "4"=-{"tid"=t"1", "tv"=t"7"}, "5"=-{"v"=t"1"}} 
  php   -{"1"=-{"id"=t"1", "rv"=t"1"}, "2"=-{"id"=t"2", "rv"=t"2"}, "3"=-{"id"=t"1", "sv"=t"1"}, "4"=-{"tid"=t"1", "tv"=t"7"}, "5"=-{"v"=t"1"}} 
  py    -{"1"=-{"id"=t"1", "rv"=t"1"}, "2"=-{"id"=t"2", "rv"=t"2"}, "3"=-{"id"=t"1", "sv"=t"1"}, "4"=-{"tid"=t"1", "tv"=t"7"}, "5"=-{"v"=t"1"}} 
  cpp   -{"1"=-{"id"=t"1", "rv"=t"1"}, "2"=-{"id"=t"2", "rv"=t"2"}, "3"=-{"id"=t"1", "sv"=t"1"}, "4"=-{"tid"=t"1", "tv"=t"7"}, "5"=-{"v"=t"1"}} 
  lisp  -{"1"=-{"id"=t"1", "rv"=t"1"}, "2"=-{"id"=t"2", "rv"=t"2"}, "3"=-{"id"=t"1", "sv"=t"1"}, "4"=-{"tid"=t"1", "tv"=t"7"}, "5"=-{"v"=t"1"}} 
== p17-left-join-right-only-field
  js    E_NO_KEY at line 1 column 188: no key "sv" 
  php   E_NO_KEY at line 1 column 188: no key "sv" 
  py    E_NO_KEY at line 1 column 188: no key "sv" 
  cpp   E_NO_KEY at line 1 column 188: no key "sv" 
  lisp  E_NO_KEY at line 1 column 188: no key "sv" 
== p18-left-join-nested-right
  js    -{"1"=-{"id"=t"1", "rv"=t"1"}, "2"=-{"id"=t"2", "rv"=t"2"}, "3"=-{"id"=t"1", "sv"=t"1"}, "4"=-{"tid"=t"1", "tv"=t"7"}, "5"=-{"v"=t"1"}, "6"=-{"v"=-}} 
  php   -{"1"=-{"id"=t"1", "rv"=t"1"}, "2"=-{"id"=t"2", "rv"=t"2"}, "3"=-{"id"=t"1", "sv"=t"1"}, "4"=-{"tid"=t"1", "tv"=t"7"}, "5"=-{"v"=t"1"}, "6"=-{"v"=-}} 
  py    -{"1"=-{"id"=t"1", "rv"=t"1"}, "2"=-{"id"=t"2", "rv"=t"2"}, "3"=-{"id"=t"1", "sv"=t"1"}, "4"=-{"tid"=t"1", "tv"=t"7"}, "5"=-{"v"=t"1"}, "6"=-{"v"=-}} 
  cpp   -{"1"=-{"id"=t"1", "rv"=t"1"}, "2"=-{"id"=t"2", "rv"=t"2"}, "3"=-{"id"=t"1", "sv"=t"1"}, "4"=-{"tid"=t"1", "tv"=t"7"}, "5"=-{"v"=t"1"}, "6"=-{"v"=-}} 
  lisp  -{"1"=-{"id"=t"1", "rv"=t"1"}, "2"=-{"id"=t"2", "rv"=t"2"}, "3"=-{"id"=t"1", "sv"=t"1"}, "4"=-{"tid"=t"1", "tv"=t"7"}, "5"=-{"v"=t"1"}, "6"=-{"v"=-}} 
== p19-three-way-no-clash
  js    -{"1"=-{"id"=t"1", "rv"=t"1"}, "2"=-{"id"=t"2", "rv"=t"2"}, "3"=-{"id"=t"1", "sv"=t"1"}, "4"=-{"tid"=t"1", "tv"=t"7"}, "5"=-{"v"=t"1"}} 
  php   -{"1"=-{"id"=t"1", "rv"=t"1"}, "2"=-{"id"=t"2", "rv"=t"2"}, "3"=-{"id"=t"1", "sv"=t"1"}, "4"=-{"tid"=t"1", "tv"=t"7"}, "5"=-{"v"=t"1"}} 
  py    -{"1"=-{"id"=t"1", "rv"=t"1"}, "2"=-{"id"=t"2", "rv"=t"2"}, "3"=-{"id"=t"1", "sv"=t"1"}, "4"=-{"tid"=t"1", "tv"=t"7"}, "5"=-{"v"=t"1"}} 
  cpp   -{"1"=-{"id"=t"1", "rv"=t"1"}, "2"=-{"id"=t"2", "rv"=t"2"}, "3"=-{"id"=t"1", "sv"=t"1"}, "4"=-{"tid"=t"1", "tv"=t"7"}, "5"=-{"v"=t"1"}} 
  lisp  -{"1"=-{"id"=t"1", "rv"=t"1"}, "2"=-{"id"=t"2", "rv"=t"2"}, "3"=-{"id"=t"1", "sv"=t"1"}, "4"=-{"tid"=t"1", "tv"=t"7"}, "5"=-{"v"=t"1"}} 
== p20-map-nested-ambiguous
  js    E_NO_KEY at line 1 column 226: no key "id" 
  php   E_NO_KEY at line 1 column 226: no key "id" 
  py    E_NO_KEY at line 1 column 226: no key "id" 
  cpp   E_NO_KEY at line 1 column 226: no key "id" 
  lisp  E_NO_KEY at line 1 column 226: no key "id" 
== p21-map-nested-right-only
  js    -{"1"=-{"id"=t"1", "rv"=t"1"}, "2"=-{"id"=t"2", "rv"=t"2"}, "3"=-{"id"=t"1", "sv"=t"1"}, "4"=-{"tid"=t"1", "tv"=t"7"}, "5"=-{"v"=t"1"}} 
  php   -{"1"=-{"id"=t"1", "rv"=t"1"}, "2"=-{"id"=t"2", "rv"=t"2"}, "3"=-{"id"=t"1", "sv"=t"1"}, "4"=-{"tid"=t"1", "tv"=t"7"}, "5"=-{"v"=t"1"}} 
  py    -{"1"=-{"id"=t"1", "rv"=t"1"}, "2"=-{"id"=t"2", "rv"=t"2"}, "3"=-{"id"=t"1", "sv"=t"1"}, "4"=-{"tid"=t"1", "tv"=t"7"}, "5"=-{"v"=t"1"}} 
  cpp   -{"1"=-{"id"=t"1", "rv"=t"1"}, "2"=-{"id"=t"2", "rv"=t"2"}, "3"=-{"id"=t"1", "sv"=t"1"}, "4"=-{"tid"=t"1", "tv"=t"7"}, "5"=-{"v"=t"1"}} 
  lisp  -{"1"=-{"id"=t"1", "rv"=t"1"}, "2"=-{"id"=t"2", "rv"=t"2"}, "3"=-{"id"=t"1", "sv"=t"1"}, "4"=-{"tid"=t"1", "tv"=t"7"}, "5"=-{"v"=t"1"}} 
== p22-map-source-name-after-chain
  js    E_NO_KEY at line 1 column 221: no key "R" 
  php   E_NO_KEY at line 1 column 221: no key "R" 
  py    E_NO_KEY at line 1 column 221: no key "R" 
  cpp   E_NO_KEY at line 1 column 221: no key "R" 
  lisp  E_NO_KEY at line 1 column 221: no key "R" 
== p23-single-5arg-map-source-name
  js    E_NO_KEY at line 1 column 183: no key "R" 
  php   E_NO_KEY at line 1 column 183: no key "R" 
  py    E_NO_KEY at line 1 column 183: no key "R" 
  cpp   E_NO_KEY at line 1 column 183: no key "R" 
  lisp  E_NO_KEY at line 1 column 183: no key "R" 
== p24-single-5arg-map-right-name
  js    E_NO_KEY at line 1 column 183: no key "S" 
  php   E_NO_KEY at line 1 column 183: no key "S" 
  py    E_NO_KEY at line 1 column 183: no key "S" 
  cpp   E_NO_KEY at line 1 column 183: no key "S" 
  lisp  E_NO_KEY at line 1 column 183: no key "S" 
== p25-single-5arg-pred-source-name
  js    E_NO_KEY at line 1 column 144: no key "id" 
  php   E_NO_KEY at line 1 column 144: no key "id" 
  py    E_NO_KEY at line 1 column 144: no key "id" 
  cpp   E_NO_KEY at line 1 column 144: no key "id" 
  lisp  E_NO_KEY at line 1 column 144: no key "id" 
== p26-single-5arg-pred-right-name
  js    E_NO_KEY at line 1 column 155: no key "id" 
  php   E_NO_KEY at line 1 column 155: no key "id" 
  py    E_NO_KEY at line 1 column 155: no key "id" 
  cpp   E_NO_KEY at line 1 column 155: no key "id" 
  lisp  E_NO_KEY at line 1 column 155: no key "id" 
== p27-single-3arg-map-source-name
  js    -{"1"=-{"id"=t"1", "rv"=t"1"}, "2"=-{"id"=t"2", "rv"=t"2"}, "3"=-{"id"=t"1", "sv"=t"1"}, "4"=-{"tid"=t"1", "tv"=t"7"}, "5"=-{"v"=t"1"}} 
  php   -{"1"=-{"id"=t"1", "rv"=t"1"}, "2"=-{"id"=t"2", "rv"=t"2"}, "3"=-{"id"=t"1", "sv"=t"1"}, "4"=-{"tid"=t"1", "tv"=t"7"}, "5"=-{"v"=t"1"}} 
  py    -{"1"=-{"id"=t"1", "rv"=t"1"}, "2"=-{"id"=t"2", "rv"=t"2"}, "3"=-{"id"=t"1", "sv"=t"1"}, "4"=-{"tid"=t"1", "tv"=t"7"}, "5"=-{"v"=t"1"}} 
  cpp   -{"1"=-{"id"=t"1", "rv"=t"1"}, "2"=-{"id"=t"2", "rv"=t"2"}, "3"=-{"id"=t"1", "sv"=t"1"}, "4"=-{"tid"=t"1", "tv"=t"7"}, "5"=-{"v"=t"1"}} 
  lisp  -{"1"=-{"id"=t"1", "rv"=t"1"}, "2"=-{"id"=t"2", "rv"=t"2"}, "3"=-{"id"=t"1", "sv"=t"1"}, "4"=-{"tid"=t"1", "tv"=t"7"}, "5"=-{"v"=t"1"}} 
